// Vitest Snapshot v1, https://vitest.dev/guide/snapshot.html

exports[`ReferencesDrawer > renders references and closes on escape 1`] = `
<DocumentFragment>
  <aside
    aria-labelledby="references-heading"
    aria-live="polite"
    class="rounded-xl border border-slate-800 bg-slate-900/70 p-6 shadow-lg shadow-slate-900/40 backdrop-blur"
    id="references"
  >
    <div
      class="flex items-start justify-between gap-4"
    >
      <div>
        <h2
          class="text-lg font-semibold text-slate-100"
          id="references-heading"
        >
          References
        </h2>
        <p
          class="mt-1 text-sm text-slate-400"
        >
          Primary sources supporting the figures. Press 
          <kbd
            class="rounded bg-slate-800 px-1"
          >
            Esc
          </kbd>
           to close.
        </p>
      </div>
      <button
        aria-controls="references-content"
        aria-expanded="true"
        class="inline-flex items-center gap-2 rounded-lg border border-slate-700 px-3 py-2 text-xs font-semibold uppercase tracking-[0.2em] text-slate-200 transition hover:border-slate-500 focus-visible:outline focus-visible:outline-2 focus-visible:outline-offset-2 focus-visible:outline-sky-500"
        type="button"
      >
        <span
          aria-hidden="true"
          class="h-1.5 w-1.5 rounded-full bg-sky-400"
        />
        Collapse
      </button>
    </div>
    <div
      class="mt-6 space-y-4 text-sm text-slate-300"
      id="references-content"
    >
      <ol
        aria-label="Reference list"
        class="space-y-3"
      >
        <li
          class="rounded-lg border border-slate-800/80 bg-slate-950/40 p-3 text-left shadow-inner shadow-slate-900/30"
        >
          <span
            class="block text-xs uppercase tracking-[0.3em] text-sky-400"
          >
            [1]
          </span>
          <p
            class="mt-1 text-sm text-slate-200"
          >
            First reference.
          </p>
        </li>
        <li
          class="rounded-lg border border-slate-800/80 bg-slate-950/40 p-3 text-left shadow-inner shadow-slate-900/30"
        >
          <span
            class="block text-xs uppercase tracking-[0.3em] text-sky-400"
          >
            [2]
          </span>
          <p
            class="mt-1 text-sm text-slate-200"
          >
            Second reference.
          </p>
        </li>
      </ol>
    </div>
  </aside>
</DocumentFragment>
`;
